>library(ISLR)
> names(Smarket )
[1] "Year"      "Lag1"      "Lag2"      "Lag3"      "Lag4"      "Lag5"      "Volume"   
[8] "Today"     "Direction"

> summary(Smarket)
      Year           Lag1                Lag2                Lag3                Lag4          
 Min.   :2001   Min.   :-4.922000   Min.   :-4.922000   Min.   :-4.922000   Min.   :-4.922000  
 1st Qu.:2002   1st Qu.:-0.639500   1st Qu.:-0.639500   1st Qu.:-0.640000   1st Qu.:-0.640000  
 Median :2003   Median : 0.039000   Median : 0.039000   Median : 0.038500   Median : 0.038500  
 Mean   :2003   Mean   : 0.003834   Mean   : 0.003919   Mean   : 0.001716   Mean   : 0.001636  
 3rd Qu.:2004   3rd Qu.: 0.596750   3rd Qu.: 0.596750   3rd Qu.: 0.596750   3rd Qu.: 0.596750  
 Max.   :2005   Max.   : 5.733000   Max.   : 5.733000   Max.   : 5.733000   Max.   : 5.733000  
      Lag5              Volume           Today           Direction 
 Min.   :-4.92200   Min.   :0.3561   Min.   :-4.922000   Down:602  
 1st Qu.:-0.64000   1st Qu.:1.2574   1st Qu.:-0.639500   Up  :648  
 Median : 0.03850   Median :1.4229   Median : 0.038500             
 Mean   : 0.00561   Mean   :1.4783   Mean   : 0.003138             
 3rd Qu.: 0.59700   3rd Qu.:1.6417   3rd Qu.: 0.596750             
 Max.   : 5.73300   Max.   :3.1525   Max.   : 5.733000
 
> # The 9th colum is qualitative so it must be removed
> cor(Smarket,[- 9])
             Year         Lag1         Lag2         Lag3         Lag4         Lag5      Volume
Year   1.00000000  0.029699649  0.030596422  0.033194581  0.035688718  0.029787995  0.53900647
Lag1   0.02969965  1.000000000 -0.026294328 -0.010803402 -0.002985911 -0.005674606  0.04090991
Lag2   0.03059642 -0.026294328  1.000000000 -0.025896670 -0.010853533 -0.003557949 -0.04338321
Lag3   0.03319458 -0.010803402 -0.025896670  1.000000000 -0.024051036 -0.018808338 -0.04182369
Lag4   0.03568872 -0.002985911 -0.010853533 -0.024051036  1.000000000 -0.027083641 -0.04841425
Lag5   0.02978799 -0.005674606 -0.003557949 -0.018808338 -0.027083641  1.000000000 -0.02200231
Volume 0.53900647  0.040909908 -0.043383215 -0.041823686 -0.048414246 -0.022002315  1.00000000
Today  0.03009523 -0.026155045 -0.010250033 -0.002447647 -0.006899527 -0.034860083  0.01459182
              Today
Year    0.030095229
Lag1   -0.026155045
Lag2   -0.010250033
Lag3   -0.002447647
Lag4   -0.006899527
Lag5   -0.034860083
Volume  0.014591823
Today   1.000000000

> # the correlations between the lag variables and todayâ€™s
> # returns are close to zero. Which means, there is no correlation
> # between today's return and previous day's return

> # Utilizing logistic regression model in order to predict Direction
> # using Lag1 through Lag5 and Volume. GLM function is part of Losgist regression
> glm_fits= glm(Direction~Lag1+Lag2+Lag3+Lag4+Lag5+Volume,data=Smarket, family= binomial)
> summary(glm_fits)

Call:
glm(formula = Direction ~ Lag1 + Lag2 + Lag3 + Lag4 + Lag5 + 
    Volume, family = binomial, data = Smarket)

Deviance Residuals: 
   Min      1Q  Median      3Q     Max  
-1.446  -1.203   1.065   1.145   1.326  

Coefficients:
             Estimate Std. Error z value Pr(>|z|)
(Intercept) -0.126000   0.240736  -0.523    0.601
Lag1        -0.073074   0.050167  -1.457    0.145
Lag2        -0.042301   0.050086  -0.845    0.398
Lag3         0.011085   0.049939   0.222    0.824
Lag4         0.009359   0.049974   0.187    0.851
Lag5         0.010313   0.049511   0.208    0.835
Volume       0.135441   0.158360   0.855    0.392

(Dispersion parameter for binomial family taken to be 1)

    Null deviance: 1731.2  on 1249  degrees of freedom
Residual deviance: 1727.6  on 1243  degrees of freedom
AIC: 1741.6

Number of Fisher Scoring iterations: 3

> # coef() function to access just the coefficients for this fitted model.
> coef(glm_fits)
 (Intercept)         Lag1         Lag2         Lag3         Lag4         Lag5       Volume 
-0.126000257 -0.073073746 -0.042301344  0.011085108  0.009358938  0.010313068  0.135440659 

> summary(glm_fits)

Call:
glm(formula = Direction ~ Lag1 + Lag2 + Lag3 + Lag4 + Lag5 + 
    Volume, family = binomial, data = Smarket)

Deviance Residuals: 
   Min      1Q  Median      3Q     Max  
-1.446  -1.203   1.065   1.145   1.326  

Coefficients:
             Estimate Std. Error z value Pr(>|z|)
(Intercept) -0.126000   0.240736  -0.523    0.601
Lag1        -0.073074   0.050167  -1.457    0.145
Lag2        -0.042301   0.050086  -0.845    0.398
Lag3         0.011085   0.049939   0.222    0.824
Lag4         0.009359   0.049974   0.187    0.851
Lag5         0.010313   0.049511   0.208    0.835
Volume       0.135441   0.158360   0.855    0.392

(Dispersion parameter for binomial family taken to be 1)

    Null deviance: 1731.2  on 1249  degrees of freedom
Residual deviance: 1727.6  on 1243  degrees of freedom
AIC: 1741.6

Number of Fisher Scoring iterations: 3

> # The predict() function can be used to predict the probability that the
> # market will go up
> glm_probability= predict(glm_fits,type ="response")
> glm_probability[1:10]
        1         2         3         4         5         6         7         8         9 
0.5070841 0.4814679 0.4811388 0.5152224 0.5107812 0.5069565 0.4926509 0.5092292 0.5176135 
       10 
0.4888378 

# Probabilities are good as someone's guess
